2026-08-06 18:48:12,672 - INFO - Uploaded image for LEAD_CEO_SIG: K:/Other computers/My Computer/Shear Engineering And Builders Pvt.Ltd/Signatures/Anij.jpeg
2026-08-06 18:48:29,574 - INFO - Uploaded image for FIRST_CEO_SIG: K:/Other computers/My Computer/Shear Engineering And Builders Pvt.Ltd/Signatures/Abdul Jabbar Sign Sarita.jpeg
2026-08-06 18:48:35,513 - INFO - Uploaded image for FIRST_CEO_SIG: K:/Other computers/My Computer/Shear Engineering And Builders Pvt.Ltd/Signatures/Abdul Jabbar Sign Sarita.jpeg
2026-08-06 18:48:54,963 - INFO - Uploaded image for LEAD_STAMP: K:/Other computers/My Computer/Shear Engineering And Builders Pvt.Ltd/Signatures/shear chap b&w.PNG
2026-08-06 18:49:09,860 - INFO - Uploaded image for FIRST_STAMP: K:/Other computers/My Computer/Shear Engineering And Builders Pvt.Ltd/Signatures/Jalpapur Chap.jpg
2026-08-06 18:49:22,195 - INFO - Uploaded image for AUTHORISED_SIG: K:/Other computers/My Computer/Shear Engineering And Builders Pvt.Ltd/Signatures/sitaj.jpg
2026-08-06 18:49:31,865 - INFO - Uploaded image for LEAD_PARTNER_MD1: K:/Other computers/My Computer/Shear Engineering And Builders Pvt.Ltd/Signatures/najim.PNG
2026-08-06 18:49:43,506 - INFO - Uploaded image for LEAD_PARTNER_MD2: K:/Other computers/My Computer/Shear Engineering And Builders Pvt.Ltd/Signatures/sitaj.jpg
2026-08-06 18:51:37,934 - INFO - Uploaded image for AUTHORISED_SIG: K:/Other computers/My Computer/Shear Engineering And Builders Pvt.Ltd/Signatures/sitaj.jpg
2026-08-06 18:58:58,469 - INFO - Uploaded image for AUTHORISED_SIG: K:/Other computers/My Computer/Shear Engineering And Builders Pvt.Ltd/Signatures/Anij.jpeg
2026-08-06 19:08:48,570 - INFO - Saved profile 'xdfghxdf' (lead) with 0 images
2026-08-06 19:08:55,237 - INFO - Loaded profile 'xdfghxdf' (lead), 0 images
2026-08-06 19:08:59,651 - INFO - Loaded profile 'xdfghxdf' (lead), 0 images
2026-08-06 19:09:12,258 - INFO - Loaded profile 'xdfghxdf' (lead), 0 images
2026-08-06 19:10:08,223 - INFO - Loaded profile 'xdfghxdf' (lead), 0 images
2026-08-06 19:14:13,817 - INFO - Loaded profile 'xdfghxdf' (lead), 0 images
2026-08-06 19:14:21,894 - INFO - Deleted profile cb34111e-ce2 (lead)
2026-08-06 19:15:31,352 - INFO - Saved profile 'Shear Engineering' (lead) with 0 images
2026-08-06 19:15:35,080 - INFO - Loaded profile 'Shear Engineering' (lead), 0 images
2026-08-06 19:15:43,881 - INFO - Loaded profile 'Shear Engineering' (lead), 0 images
2026-08-06 19:16:37,807 - INFO - Saved profile 'japla' (first) with 0 images
2026-08-06 19:16:40,857 - INFO - Loaded profile 'japla' (first), 0 images
2026-08-06 19:35:51,531 - INFO - Loaded profile 'Shear Engineering' (lead), 0 images
2026-08-06 19:50:34,325 - INFO - Loaded profile 'Shear Engineering' (lead), 0 images
2026-08-06 19:50:40,546 - INFO - Loaded profile 'japla' (first), 0 images
2026-08-06 20:48:06,700 - INFO - Loaded profile 'Shear Engineering' (lead), 0 images
2026-08-06 20:48:49,774 - INFO - Uploaded 1 file(s) to lead
2026-08-06 20:51:20,089 - INFO - Uploaded 1 file(s) to lead
2026-08-06 20:51:29,517 - INFO - Saved profile 'Shear' (lead) with 0 images
2026-08-06 20:51:32,632 - INFO - Loaded profile 'Shear Engineering' (lead), 0 images
2026-08-06 20:51:43,978 - INFO - Loaded profile 'Shear Engineering' (lead), 0 images
2026-08-06 20:51:48,974 - INFO - Loaded profile 'Shear' (lead), 0 images
2026-08-06 20:52:59,280 - INFO - Loaded profile 'Shear' (lead), 0 images
2026-08-06 21:00:03,031 - INFO - Loaded profile 'Shear Engineering' (lead), 0 images
2026-08-06 21:00:05,935 - INFO - Loaded profile 'Shear' (lead), 0 images
2026-08-06 21:00:09,951 - INFO - Deleted profile bc917a86-897 (lead)
2026-08-06 21:00:12,481 - INFO - Loaded profile 'Shear Engineering' (lead), 0 images
2026-08-06 21:00:15,672 - INFO - Deleted profile f58a3852-837 (lead)
2026-08-06 21:00:26,563 - INFO - Saved profile 'Shear' (lead) with 0 images
2026-08-06 21:00:36,542 - INFO - Loaded profile 'Shear' (lead), 0 images
2026-08-06 21:00:59,400 - INFO - Uploaded 1 file(s) to lead
2026-08-06 21:01:26,986 - INFO - Uploaded 1 file(s) to lead
2026-08-06 21:01:35,196 - INFO - Loaded profile 'Shear' (lead), 0 images
2026-08-06 21:01:38,914 - INFO - Deleted profile e844d88b-416 (lead)
2026-08-06 21:01:55,574 - INFO - Saved profile 'shear' (lead) with 0 images
2026-08-06 21:02:02,208 - INFO - Loaded profile 'shear' (lead), 0 images
2026-08-06 21:08:11,125 - INFO - Loaded profile 'shear' (lead), 0 images
2026-08-06 21:08:18,461 - INFO - Uploaded 1 file(s) to lead
2026-08-06 21:08:25,615 - INFO - Uploaded 1 file(s) to lead
2026-08-06 21:08:42,220 - INFO - Uploaded 1 file(s) to lead
2026-08-06 21:09:02,616 - INFO - Deleted profile 4647c6fd-301 (lead)
2026-08-06 21:12:48,668 - INFO - Uploaded 1 file(s) to lead
2026-08-06 21:13:21,194 - INFO - Uploaded 1 file(s) to lead
2026-08-06 21:13:29,223 - INFO - Saved profile 'Shear' (lead) with 0 images and 2 docs
2026-08-06 21:13:38,385 - INFO - Loaded profile 'Shear' (lead), 0 images
2026-08-06 21:14:22,888 - INFO - Uploaded 1 file(s) to lead
2026-08-06 21:14:42,852 - INFO - Loaded profile 'Shear' (lead), 0 images
2026-08-06 21:18:30,904 - INFO - Loaded profile 'Shear' (lead), 0 images
2026-08-06 21:18:54,635 - INFO - Uploaded 1 file(s) to lead
2026-08-06 21:18:58,091 - INFO - Updated profile 9d6578b4-c26 (lead)
2026-08-06 21:29:34,848 - INFO - Loaded profile 'Shear' (lead), 0 images
2026-08-06 21:29:57,217 - INFO - Uploaded image for LEAD_STAMP: K:/Other computers/My Computer/Shear Engineering And Builders Pvt.Ltd/Signatures/shear chap b&w.PNG
2026-08-06 21:29:59,271 - INFO - Updated profile 9d6578b4-c26 (lead)
2026-08-06 21:30:07,712 - INFO - Loaded profile 'Shear' (lead), 1 images
2026-08-06 22:55:47,955 - INFO - Loaded profile 'Shear' (lead), 1 images
2026-08-06 23:03:15,662 - INFO - Loaded profile 'Shear' (lead), 1 images
2026-08-06 23:03:29,170 - INFO - Loaded profile 'japla' (first), 0 images
2026-08-07 00:08:04,277 - INFO - Loaded profile 'Shear' (lead), 1 images
2026-08-07 00:08:23,657 - INFO - Loaded profile 'japla' (first), 0 images
2026-08-07 00:09:07,743 - INFO - Active template set to: auto-detect
2026-08-07 00:09:09,816 - INFO - Active template set to: auto-detect
2026-08-07 00:09:45,972 - INFO - Uploaded image for LEAD_CEO_SIG: K:/Other computers/My Computer/Shear Engineering And Builders Pvt.Ltd/Signatures/Anij.jpeg
2026-08-07 00:09:52,060 - INFO - Updated profile 9d6578b4-c26 (lead)
2026-08-07 00:10:41,289 - INFO - Loaded profile 'japla' (first), 0 images
2026-08-07 00:10:48,984 - INFO - Updated profile 9d6578b4-c26 (lead)
2026-08-07 00:11:01,122 - ERROR - Thumbnail failed for LEAD_STAMP: image "pyimage625" doesn't exist
2026-08-07 00:11:18,645 - ERROR - Thumbnail failed for LEAD_STAMP: image "pyimage625" doesn't exist
2026-08-07 00:11:28,946 - ERROR - Thumbnail failed for LEAD_CEO_SIG: image "pyimage626" doesn't exist
2026-08-07 15:47:13,874 - INFO - Loaded profile 'Shear' (lead), 1 images
2026-08-07 16:08:49,879 - INFO - Loaded profile 'Shear' (lead), 1 images
2026-08-07 16:09:05,716 - INFO - Loaded profile 'Shear' (lead), 1 images
2026-08-07 16:12:38,107 - INFO - Uploaded image for LEAD_CEO_SIG: K:/Other computers/My Computer/Shear Engineering And Builders Pvt.Ltd/Signatures/anij  left update.jpg
2026-08-07 16:12:48,087 - INFO - Uploaded image for LEAD_PARTNER_MD1: K:/Other computers/My Computer/Shear Engineering And Builders Pvt.Ltd/Signatures/sitaj.jpg
2026-08-07 16:12:54,431 - INFO - Uploaded image for LEAD_PARTNER_MD2: K:/Other computers/My Computer/Shear Engineering And Builders Pvt.Ltd/Signatures/najim.PNG
2026-08-07 16:12:56,969 - INFO - Updated profile 9d6578b4-c26 (lead)
2026-08-07 16:13:04,815 - INFO - Loaded profile 'Shear' (lead), 4 images
2026-08-07 16:16:24,853 - INFO - Loaded profile 'Shear' (lead), 4 images
2026-08-07 16:19:51,108 - INFO - Loaded profile 'Shear' (lead), 4 images
2026-08-07 16:22:51,443 - INFO - Loaded profile 'Shear' (lead), 4 images
2026-08-07 16:27:05,800 - INFO - Loaded profile 'Shear' (lead -> lead), 4 images
2026-08-07 16:28:43,659 - INFO - Loaded profile 'Shear' (lead -> second), 4 images
2026-08-07 17:31:03,076 - INFO - Loaded profile 'Shear' (lead -> lead), 4 images
2026-08-07 17:42:15,066 - INFO - Loaded profile 'Shear' (lead -> lead), 4 images
2026-08-07 17:58:36,630 - INFO - Loaded profile 'Shear' (lead -> lead), 4 images
2026-08-07 17:59:00,588 - INFO - Loaded profile 'Shear' (lead -> second), 4 images
2026-08-07 22:01:46,869 - INFO - Loaded profile 'Shear' (lead -> lead), 4 images
2026-08-07 22:38:42,831 - INFO - Loaded profile 'Shear' (lead -> lead), 4 images
2026-08-07 22:40:02,046 - INFO - Loaded profile 'japla' (first -> lead), 0 images
2026-08-07 22:40:08,294 - INFO - Loaded profile 'Shear' (lead -> lead), 4 images
2026-08-07 22:40:36,090 - INFO - Loaded profile 'japla' (first -> first), 0 images
2026-08-07 22:40:40,033 - INFO - Deleted profile 02c866e5-87d (first)
2026-08-07 23:03:57,996 - INFO - Loaded profile 'Shear' (lead -> lead), 4 images
2026-08-07 23:32:49,966 - INFO - Loaded profile 'Shear' (lead -> lead), 4 images
2026-08-08 00:00:43,623 - INFO - Loaded profile 'Shear' (lead -> lead), 4 images
2026-08-08 00:00:51,162 - INFO - Loaded profile 'Shear' (lead -> first), 4 images
2026-08-08 00:00:58,256 - INFO - Loaded profile 'Shear' (lead -> second), 4 images
2026-08-08 13:48:49,634 - INFO - Loaded profile 'Shear' (lead -> lead), 4 images
2026-08-08 14:12:17,595 - INFO - Loaded profile 'Shear' (lead -> lead), 4 images
2026-08-10 13:08:34,606 - INFO - Loaded profile 'Shear' (lead -> lead), 4 images
2026-08-10 13:11:35,800 - INFO - Uploaded 1 file(s) to first
2026-08-10 13:11:57,101 - INFO - Uploaded 1 file(s) to first
2026-08-10 13:12:48,323 - INFO - Uploaded image for FIRST_STAMP: K:/Other computers/My Computer/Shear Engineering And Builders Pvt.Ltd/Signatures/Innovative Stamp.jpg
2026-08-10 13:12:53,868 - INFO - Uploaded image for FIRST_CEO_SIG: K:/Other computers/My Computer/Shear Engineering And Builders Pvt.Ltd/Signatures/Innovative Sign.jpg
2026-08-10 13:13:08,278 - INFO - Saved new profile 'Innovative' (first) with 2 images and 2 docs
2026-08-10 13:16:28,439 - INFO - Uploaded image for AUTHORISED_SIG: K:/Other computers/My Computer/Shear Engineering And Builders Pvt.Ltd/Signatures/Anij.jpeg
2026-08-10 13:18:22,198 - INFO - Uploaded image for AUTHORISED_SIG: K:/Other computers/My Computer/Shear Engineering And Builders Pvt.Ltd/Signatures/Anij.jpeg
2026-08-10 13:23:31,508 - INFO - Uploaded image for AUTHORISED_SIG: K:/Other computers/My Computer/Shear Engineering And Builders Pvt.Ltd/Signatures/anij update.jpg
2026-08-10 13:23:54,339 - INFO - Uploaded image for AUTHORISED_SIG: K:/Other computers/My Computer/Shear Engineering And Builders Pvt.Ltd/Signatures/anij update.jpg
2026-08-10 13:25:15,244 - INFO - Uploaded image for FIRST_CEO_SIG: K:/Other computers/My Computer/Shear Engineering And Builders Pvt.Ltd/Signatures/Abdul Jabbar Sign Sarita.jpeg
2026-08-10 13:25:27,832 - INFO - Uploaded image for AUTHORISED_SIG: K:/Other computers/My Computer/Shear Engineering And Builders Pvt.Ltd/Signatures/anij  left update.jpg
2026-08-10 13:42:39,455 - INFO - Uploaded image for AUTHORISED_SIG: K:/Other computers/My Computer/Shear Engineering And Builders Pvt.Ltd/Signatures/anij update.jpg
2026-08-10 13:49:55,352 - INFO - Loaded profile 'Shear' (lead -> lead), 4 images
2026-08-10 13:50:04,263 - INFO - Loaded profile 'Innovative' (first -> first), 2 images
2026-08-10 13:50:21,238 - INFO - Loaded profile 'Innovative' (first -> lead), 2 images
2026-08-10 13:50:24,806 - INFO - Loaded profile 'Shear' (lead -> first), 4 images
2026-08-10 13:51:52,380 - INFO - Uploaded image for AUTHORISED_SIG: E:/Apps/jv_bid_pro/New folder/files/uploads/profiles/3e3c8a4a-f75/FIRST_CEO_SIG.jpg
2026-08-10 13:55:42,038 - INFO - Saved new profile 'Shear Engineering' (first) with 4 images and 0 docs
2026-08-10 13:55:47,029 - INFO - Loaded profile 'Shear' (lead -> first), 4 images
2026-08-10 13:55:50,924 - INFO - Deleted profile 9d6578b4-c26 (first)
2026-08-10 13:55:53,099 - INFO - Loaded profile 'Shear Engineering' (first -> first), 4 images
2026-08-10 13:56:19,910 - INFO - Uploaded image for FIRST_CEO_SIG: E:/Apps/jv_bid_pro/New folder/files/uploads/profiles/dfd218e9-8da/FIRST_CEO_SIG.jpg
2026-08-10 13:56:26,197 - INFO - Uploaded image for FIRST_PARTNER_MD1: E:/Apps/jv_bid_pro/New folder/files/uploads/profiles/dfd218e9-8da/FIRST_PARTNER_MD1.jpg
2026-08-10 13:56:28,483 - INFO - Uploaded image for FIRST_PARTNER_MD2: E:/Apps/jv_bid_pro/New folder/files/uploads/profiles/dfd218e9-8da/FIRST_PARTNER_MD2.png
2026-08-10 13:56:32,446 - INFO - Uploaded image for FIRST_STAMP: E:/Apps/jv_bid_pro/New folder/files/uploads/profiles/dfd218e9-8da/FIRST_STAMP.png
2026-08-10 13:56:43,987 - INFO - Uploaded 1 file(s) to first
2026-08-10 13:58:11,147 - INFO - Uploaded 1 file(s) to first
2026-08-10 13:58:16,958 - INFO - Updated profile dfd218e9-8da (first)
2026-08-11 21:50:06,245 - INFO - Loaded profile 'Shear Engineering' (first -> lead), 0 images
2026-08-11 21:50:23,281 - INFO - Uploaded image for LEAD_STAMP: K:/Other computers/My Computer/Shear Engineering And Builders Pvt.Ltd/Signatures/shear chap color.jpg
2026-08-11 21:50:36,681 - INFO - Loaded profile 'Innovative' (first -> first), 0 images
2026-08-11 21:50:40,403 - INFO - Updated profile 3e3c8a4a-f75 (first)
2026-08-11 21:50:56,236 - INFO - Updated profile 3e3c8a4a-f75 (first)
2026-08-11 21:51:02,662 - INFO - Loaded profile 'Innovative' (first -> lead), 0 images
2026-08-11 21:51:07,335 - INFO - Loaded profile 'Shear Engineering' (first -> lead), 0 images
2026-08-11 21:51:18,871 - INFO - Loaded profile 'Innovative' (first -> lead), 0 images
2026-08-11 21:51:22,897 - INFO - Loaded profile 'Shear Engineering' (first -> lead), 0 images
2026-08-11 21:51:56,752 - INFO - Uploaded image for FIRST_CEO_SIG: K:/Other computers/My Computer/Shear Engineering And Builders Pvt.Ltd/Signatures/Innovative Sign.jpg
2026-08-11 21:51:56,773 - INFO - Authorised Person signature synced from FIRST_CEO_SIG
2026-08-11 21:56:02,194 - INFO - Loaded profile 'Shear Engineering' (first -> lead), 0 images
2026-08-11 21:56:13,739 - INFO - Uploaded image for LEAD_STAMP: K:/Other computers/My Computer/Shear Engineering And Builders Pvt.Ltd/Signatures/shear chap color.jpg
2026-08-11 21:56:31,681 - INFO - Loaded profile 'Innovative' (first -> first), 0 images
2026-08-11 21:56:37,799 - INFO - Uploaded image for FIRST_STAMP: K:/Other computers/My Computer/Shear Engineering And Builders Pvt.Ltd/Signatures/Innovative Sign.jpg
2026-08-11 21:56:38,828 - INFO - Updated profile 3e3c8a4a-f75 (first)
2026-08-11 21:57:29,368 - INFO - Loaded profile 'Shear Engineering' (first -> first), 0 images
2026-08-11 21:57:37,097 - INFO - Uploaded image for FIRST_STAMP: K:/Other computers/My Computer/Shear Engineering And Builders Pvt.Ltd/Signatures/shear chap color.jpg
2026-08-11 21:57:37,901 - INFO - Updated profile dfd218e9-8da (first)
2026-08-11 21:57:40,644 - INFO - Updated profile dfd218e9-8da (first)
2026-08-12 15:35:13,180 - INFO - Loaded profile 'Shear Engineering' (first -> lead), 1 images
2026-08-12 15:35:24,582 - INFO - Loaded profile 'Innovative' (first -> lead), 1 images
2026-08-12 15:56:15,673 - INFO - Loaded profile 'Shear Engineering' (first -> lead), 1 images
2026-08-12 15:56:21,035 - INFO - Loaded profile 'Innovative' (first -> first), 1 images
2026-08-12 15:56:23,310 - INFO - Updated profile 3e3c8a4a-f75 (first)
2026-08-12 17:43:35,219 - INFO - Loaded profile 'Shear Engineering' (first -> lead), 1 images
2026-08-12 17:50:02,657 - INFO - Loaded profile 'Shear Engineering' (first -> lead), 1 images
2026-08-12 17:50:09,409 - INFO - Loaded profile 'Innovative' (first -> first), 1 images
2026-08-12 17:50:38,806 - INFO - Loaded profile 'Shear Engineering' (first -> second), 1 images
2026-08-12 17:50:42,788 - INFO - Loaded profile 'Innovative' (first -> second), 1 images
2026-08-12 17:53:15,670 - INFO - Loaded profile 'Shear Engineering' (first -> lead), 1 images
2026-08-12 17:53:21,584 - INFO - Loaded profile 'Innovative' (first -> first), 1 images
2026-08-12 17:53:28,603 - INFO - Loaded profile 'Shear Engineering' (first -> second), 1 images
2026-08-12 18:01:24,245 - INFO - Loaded profile 'Shear Engineering' (first -> lead), 1 images
2026-08-12 18:01:26,634 - INFO - Updated profile dfd218e9-8da (lead)
2026-08-12 18:01:33,383 - INFO - Updated profile 3e3c8a4a-f75 (first)
2026-08-12 18:01:42,325 - INFO - Updated profile 3e3c8a4a-f75 (first)
2026-08-12 18:01:45,837 - INFO - Loaded profile 'Innovative' (first -> second), 1 images
2026-08-12 18:02:02,672 - INFO - Uploaded image for LEAD_CEO_SIG: K:/Other computers/My Computer/Shear Engineering And Builders Pvt.Ltd/Signatures/Anij.jpeg
2026-08-12 18:02:03,933 - INFO - Updated profile dfd218e9-8da (lead)
2026-08-12 18:02:09,049 - INFO - Loaded profile 'Innovative' (first -> lead), 1 images
2026-08-12 18:02:15,644 - INFO - Loaded profile 'Shear Engineering' (first -> lead), 2 images
2026-08-12 18:02:33,211 - INFO - Uploaded image for LEAD_PARTNER_MD1: K:/Other computers/My Computer/Shear Engineering And Builders Pvt.Ltd/Signatures/sitaj.jpg
2026-08-12 18:02:38,957 - INFO - Uploaded image for LEAD_PARTNER_MD2: K:/Other computers/My Computer/Shear Engineering And Builders Pvt.Ltd/Signatures/najim.PNG
2026-08-12 18:02:40,329 - INFO - Updated profile dfd218e9-8da (lead)
2026-08-12 18:02:58,477 - INFO - Saved new draft 'Dharan' (f2e71088-6f2)
2026-08-12 18:03:00,796 - INFO - Updated draft f2e71088-6f2
2026-08-12 18:03:29,931 - INFO - Loaded profile 'Shear Engineering' (first -> lead), 4 images
2026-08-12 21:11:56,780 - INFO - Loaded draft 'Dharan' (f2e71088-6f2)
2026-08-12 21:20:58,928 - INFO - Loaded profile 'Shear Engineering' (first -> lead), 4 images
2026-08-12 21:21:21,500 - INFO - Updated profile 3e3c8a4a-f75 (first)
2026-08-12 21:21:44,022 - INFO - Updated profile 3e3c8a4a-f75 (first)
2026-08-12 21:21:58,293 - INFO - Uploaded image for FIRST_STAMP: K:/Other computers/My Computer/Shear Engineering And Builders Pvt.Ltd/Signatures/Innovative Stamp.jpg
2026-08-12 21:22:09,335 - INFO - Uploaded image for FIRST_CEO_SIG: K:/Other computers/My Computer/Shear Engineering And Builders Pvt.Ltd/Signatures/Innovative Sign.jpg
2026-08-12 21:23:19,949 - INFO - Authorised Person signature synced from FIRST_CEO_SIG
2026-08-12 21:23:26,684 - INFO - Uploaded image for AUTHORISED_SIG: K:/Other computers/My Computer/Shear Engineering And Builders Pvt.Ltd/Signatures/Innovative Sign.jpg
2026-08-13 19:08:07,104 - INFO - Loaded draft 'Dharan' (f2e71088-6f2)
2026-08-13 19:09:35,064 - INFO - Uploaded image for FIRST_STAMP: K:/Other computers/My Computer/Shear Engineering And Builders Pvt.Ltd/Signatures/Innovative Stamp.jpg
2026-08-13 19:09:40,067 - INFO - Uploaded image for FIRST_CEO_SIG: K:/Other computers/My Computer/Shear Engineering And Builders Pvt.Ltd/Signatures/Innovative Sign.jpg
2026-08-13 19:10:06,575 - INFO - Updated profile 3e3c8a4a-f75 (first)
2026-08-13 19:11:54,243 - INFO - Uploaded image for SECOND_STAMP: K:/Other computers/My Computer/Shear Engineering And Builders Pvt.Ltd/Signatures/Lingthep.png
2026-08-13 19:12:06,297 - INFO - Uploaded image for SECOND_CEO_SIG: K:/Other computers/My Computer/Shear Engineering And Builders Pvt.Ltd/Signatures/Biswa.png
2026-08-13 19:12:31,730 - INFO - Saved new profile 'Lingthep and Co Construction' (second) with 2 images and 0 docs
2026-08-13 19:12:45,234 - INFO - Loaded profile 'Innovative' (first -> lead), 2 images
2026-08-13 19:13:07,032 - INFO - Loaded profile 'Shear Engineering' (first -> lead), 4 images
2026-08-13 19:14:23,927 - INFO - Loaded draft 'Dharan' (f2e71088-6f2)
2026-08-13 19:14:42,890 - INFO - Loaded draft 'Dharan' (f2e71088-6f2)
2026-08-13 19:14:50,870 - INFO - Loaded profile 'Shear Engineering' (first -> lead), 4 images
2026-08-13 19:21:26,054 - INFO - Loaded profile 'Shear Engineering' (first -> lead), 4 images
2026-08-13 19:21:43,078 - INFO - Updated profile 843162fd-9bd (second)
2026-08-13 19:21:55,180 - INFO - Uploaded image for SECOND_STAMP: K:/Other computers/My Computer/Shear Engineering And Builders Pvt.Ltd/Signatures/Biswa.png
2026-08-13 19:21:56,939 - INFO - Updated profile 843162fd-9bd (second)
2026-08-13 19:22:18,856 - INFO - Uploaded image for SECOND_CEO_SIG: K:/Other computers/My Computer/Shear Engineering And Builders Pvt.Ltd/Signatures/Biswa.png
2026-08-13 19:22:24,027 - INFO - Uploaded image for SECOND_STAMP: K:/Other computers/My Computer/Shear Engineering And Builders Pvt.Ltd/Signatures/Lingthep.png
2026-08-13 19:22:25,138 - INFO - Updated profile 843162fd-9bd (second)
2026-08-13 19:22:33,995 - INFO - Loaded profile 'Lingthep and Co Construction' (second -> lead), 2 images
2026-08-13 19:22:42,154 - INFO - Loaded profile 'Shear Engineering' (first -> lead), 4 images
2026-08-13 19:22:56,307 - INFO - Loaded profile 'Innovative' (first -> second), 2 images
2026-08-13 19:23:03,756 - INFO - Updated profile 843162fd-9bd (second)
2026-08-13 20:49:20,430 - INFO - Loaded draft 'Dharan' (f2e71088-6f2)
2026-08-13 20:49:29,843 - INFO - Deleted draft f2e71088-6f2
2026-08-13 20:49:42,698 - INFO - Loaded profile 'Shear Engineering' (first -> lead), 4 images
2026-08-13 20:49:59,806 - INFO - Loaded profile 'Innovative' (first -> first), 2 images
2026-08-13 20:50:13,898 - INFO - Loaded profile 'Lingthep and Co Construction' (second -> second), 2 images
2026-08-13 20:50:35,162 - INFO - Saved new draft 'Dharan' (f6943d2f-6f3)
2026-08-13 20:51:03,008 - INFO - Authorised Person signature synced from FIRST_CEO_SIG
2026-08-13 20:51:08,222 - INFO - Updated draft f6943d2f-6f3
2026-08-13 20:51:28,963 - INFO - Updated draft f6943d2f-6f3
2026-08-13 20:53:19,202 - INFO - Updated draft f6943d2f-6f3
2026-08-13 20:53:24,818 - INFO - Deleted profile 843162fd-9bd (second)
2026-08-13 20:53:45,086 - INFO - Updated draft f6943d2f-6f3
2026-08-13 21:22:36,683 - INFO - Loaded profile 'Innovative' (first -> lead), 2 images
2026-08-13 21:22:42,305 - INFO - Loaded profile 'Shear Engineering' (first -> first), 4 images
2026-08-13 21:23:02,521 - INFO - Authorised Person signature synced from LEAD_CEO_SIG
2026-08-13 21:23:11,112 - INFO - Saved new draft 'dsaf' (25f03905-db8)
2026-08-14 11:52:54,706 - INFO - Authorised Person signature synced from LEAD_CEO_SIG
2026-08-14 11:52:54,722 - INFO - Loaded draft 'dsaf' (25f03905-db8)
2026-08-14 11:52:57,403 - INFO - Deleted draft 25f03905-db8
2026-08-14 11:53:03,135 - INFO - Authorised Person signature synced from FIRST_CEO_SIG
2026-08-14 11:53:03,157 - INFO - Loaded draft 'Dharan' (f6943d2f-6f3)
2026-08-14 11:53:06,781 - INFO - Deleted draft f6943d2f-6f3
2026-08-14 11:58:01,466 - INFO - Authorised Person signature synced from LEAD_CEO_SIG
2026-08-14 12:13:40,223 - INFO - Saved new draft 'dh' (2d2b6af9-b85)
2026-08-14 12:13:45,447 - INFO - Loaded profile 'Shear Engineering' (first -> lead), 4 images
2026-08-14 12:14:03,085 - INFO - Loaded profile 'Innovative' (first -> first), 2 images
2026-08-14 12:25:07,674 - INFO - Loaded draft 'dh' (2d2b6af9-b85)
2026-08-14 12:25:10,727 - INFO - Deleted draft 2d2b6af9-b85
2026-08-14 12:25:13,787 - INFO - Loaded profile 'Shear Engineering' (first -> lead), 4 images
2026-08-14 12:25:22,671 - INFO - Loaded profile 'Innovative' (first -> first), 2 images
2026-08-14 12:25:25,152 - INFO - Updated profile 3e3c8a4a-f75 (first)
2026-08-14 12:25:28,582 - INFO - Updated profile dfd218e9-8da (lead)
2026-08-14 12:27:45,037 - INFO - Authorised Person signature synced from LEAD_CEO_SIG
2026-08-14 12:57:06,885 - INFO - Loaded profile 'Innovative' (first -> lead), 2 images
2026-08-14 12:57:14,976 - INFO - Authorised Person signature synced from FIRST_CEO_SIG
2026-08-14 12:57:14,978 - INFO - Loaded profile 'Shear Engineering' (first -> first), 4 images
2026-08-14 12:57:23,921 - INFO - Authorised Person signature synced from LEAD_CEO_SIG
2026-08-14 13:00:57,846 - INFO - Loaded profile 'Innovative' (first -> lead), 2 images
2026-08-14 13:01:01,704 - INFO - Loaded profile 'Shear Engineering' (first -> first), 4 images
2026-08-14 13:01:34,301 - INFO - Authorised Person signature synced from FIRST_CEO_SIG
2026-08-14 14:40:10,577 - INFO - Loaded profile 'Innovative' (first -> lead), 2 images
2026-08-14 14:40:14,101 - INFO - Loaded profile 'Shear Engineering' (first -> first), 4 images
2026-08-14 14:40:37,435 - INFO - Authorised Person signature synced from LEAD_CEO_SIG
2026-08-14 14:43:21,454 - INFO - Loaded profile 'Shear Engineering' (first -> lead), 4 images
2026-08-14 14:43:28,958 - INFO - Loaded profile 'Innovative' (first -> first), 2 images
2026-08-14 14:43:46,542 - INFO - Authorised Person signature synced from LEAD_CEO_SIG
2026-08-14 14:59:03,742 - INFO - Loaded profile 'Innovative' (first -> lead), 2 images
2026-08-14 14:59:06,976 - INFO - Loaded profile 'Shear Engineering' (first -> first), 4 images
2026-08-14 14:59:20,224 - INFO - Authorised Person signature synced from FIRST_CEO_SIG
2026-08-14 17:55:59,745 - INFO - Loaded profile 'Shear Engineering' (first -> lead), 4 images
2026-08-14 17:56:09,846 - INFO - Loaded profile 'Innovative' (first -> first), 2 images
2026-08-14 17:57:06,813 - INFO - Authorised Person signature synced from FIRST_CEO_SIG
2026-08-14 17:58:59,421 - INFO - Authorised Person signature synced from LEAD_CEO_SIG
2026-08-14 17:58:59,421 - INFO - Loaded profile 'Innovative' (first -> lead), 2 images
2026-08-14 17:59:02,666 - INFO - Authorised Person signature synced from LEAD_CEO_SIG
2026-08-14 17:59:02,666 - INFO - Loaded profile 'Shear Engineering' (first -> first), 4 images
2026-08-14 17:59:22,783 - INFO - Saved new draft 'Rangasala' (a2a08825-2f1)
2026-08-14 18:03:58,733 - INFO - Loaded profile 'Innovative' (first -> lead), 2 images
2026-08-14 18:04:07,004 - INFO - Loaded profile 'Shear Engineering' (first -> first), 4 images
2026-08-14 18:04:21,417 - INFO - Authorised Person signature synced from FIRST_CEO_SIG
2026-08-14 18:07:09,514 - INFO - Loaded profile 'Innovative' (first -> lead), 2 images
2026-08-14 18:07:15,725 - INFO - Loaded profile 'Shear Engineering' (first -> first), 4 images
2026-08-14 18:07:53,546 - INFO - Authorised Person signature synced from FIRST_CEO_SIG
2026-08-14 18:15:00,040 - INFO - Authorised Person signature synced from LEAD_CEO_SIG
2026-08-14 18:15:00,048 - INFO - Loaded draft 'Rangasala' (a2a08825-2f1)
2026-08-14 18:20:03,193 - INFO - Authorised Person signature synced from LEAD_CEO_SIG
2026-08-14 18:20:03,202 - INFO - Loaded draft 'Rangasala' (a2a08825-2f1)
2026-08-14 18:29:48,882 - INFO - Authorised Person signature synced from LEAD_CEO_SIG
2026-08-14 18:29:48,889 - INFO - Loaded draft 'Rangasala' (a2a08825-2f1)
2026-08-14 18:30:03,874 - INFO - Removed image with alt text matching LEAD_PARTNER_MD2
2026-08-14 18:30:03,874 - INFO - Removed image with alt text matching LEAD_PARTNER_MD1
2026-08-14 18:31:35,316 - INFO - Removed image with alt text matching LEAD_PARTNER_MD2
2026-08-14 18:31:35,316 - INFO - Removed image with alt text matching LEAD_PARTNER_MD1
2026-08-14 18:38:21,804 - INFO - Authorised Person signature synced from LEAD_CEO_SIG
2026-08-14 18:38:21,817 - INFO - Loaded draft 'Rangasala' (a2a08825-2f1)
2026-08-14 18:38:41,861 - INFO - Removed image with alt text matching LEAD_PARTNER_MD2
2026-08-14 18:38:41,862 - INFO - Removed image with alt text matching LEAD_PARTNER_MD1
2026-08-14 21:30:49,680 - INFO - Authorised Person signature synced from LEAD_CEO_SIG
2026-08-14 21:30:49,687 - INFO - Loaded draft 'Rangasala' (a2a08825-2f1)
2026-08-14 21:30:54,357 - INFO - Removed image with alt text matching LEAD_PARTNER_MD2
2026-08-14 21:30:54,358 - INFO - Removed image with alt text matching LEAD_PARTNER_MD1
2026-08-14 21:39:37,074 - INFO - Removed image with alt text matching LEAD_PARTNER_MD2
2026-08-14 21:39:37,075 - INFO - Removed image with alt text matching LEAD_PARTNER_MD1
2026-08-18 11:10:34,701 - INFO - Saved new profile 'Uttam Buddha Nirman Sewa' (lead) with 0 images and 0 docs
2026-08-18 11:10:40,930 - INFO - Loaded profile 'Shear Engineering' (first -> first), 4 images
2026-08-18 11:14:05,991 - INFO - Uploaded image for AUTHORISED_SIG: K:/Other computers/My Computer/Shear Engineering And Builders Pvt.Ltd/Signatures/agrim nabin.JPG
2026-08-18 11:14:10,143 - INFO - Removed image with alt text matching LEAD_PARTNER_MD2
2026-08-18 11:14:10,143 - INFO - Removed image with alt text matching LEAD_PARTNER_MD1
2026-08-18 14:59:37,056 - INFO - Loaded profile 'Shear Engineering' (first -> lead), 4 images
2026-08-21 10:33:57,742 - INFO - Authorised Person signature synced from LEAD_CEO_SIG
2026-08-21 10:33:57,756 - INFO - Loaded draft 'Rangasala' (a2a08825-2f1)
2026-08-21 10:34:13,178 - INFO - Loaded profile 'Uttam Buddha Nirman Sewa' (lead -> lead), 0 images
2026-08-21 10:36:57,852 - INFO - Uploaded image for LEAD_STAMP: K:/Other computers/My Computer/Shear Engineering And Builders Pvt.Ltd/Signatures/Uttam Buddha chap.jpg
2026-08-21 10:37:08,226 - INFO - Uploaded image for LEAD_CEO_SIG: K:/Other computers/My Computer/Shear Engineering And Builders Pvt.Ltd/Signatures/Uttam Buddha.jpg
2026-08-21 10:37:15,864 - INFO - Updated profile 6496412e-edd (lead)
2026-08-21 10:37:20,830 - INFO - Loaded profile 'Shear Engineering' (first -> first), 4 images
2026-08-21 10:40:34,978 - INFO - Authorised Person signature synced from LEAD_CEO_SIG
2026-08-21 10:41:00,540 - INFO - Uploaded image for FIRST_STAMP: K:/Other computers/My Computer/Shear Engineering And Builders Pvt.Ltd/Signatures/shear chap b&w.PNG
2026-08-21 10:42:23,771 - INFO - Removed image with alt text matching LEAD_PARTNER_MD2
2026-08-21 10:42:23,771 - INFO - Removed image with alt text matching LEAD_PARTNER_MD1
2026-08-21 13:16:17,194 - INFO - Authorised Person signature synced from LEAD_CEO_SIG
2026-08-21 13:16:17,228 - INFO - Loaded draft 'Rangasala' (a2a08825-2f1)
2026-08-21 13:16:31,797 - INFO - Loaded profile 'Uttam Buddha Nirman Sewa' (lead -> lead), 2 images
2026-08-21 13:16:43,729 - INFO - Loaded profile 'Shear Engineering' (first -> first), 4 images
2026-08-21 13:17:14,400 - INFO - Authorised Person signature synced from LEAD_CEO_SIG
2026-08-21 13:17:31,608 - INFO - Removed image with alt text matching LEAD_PARTNER_MD2
2026-08-21 13:17:31,610 - INFO - Removed image with alt text matching LEAD_PARTNER_MD1
2026-08-21 13:18:07,449 - INFO - Previewed generated bid: E:\Apps\Bidding-App-main-Manus\Bidding-App-main\output\generated_bid_UTTAM_-_SHEAR_J_V_20260821_131731.docx
2026-08-21 13:18:15,193 - INFO - Removed image with alt text matching LEAD_PARTNER_MD2
2026-08-21 13:18:15,195 - INFO - Removed image with alt text matching LEAD_PARTNER_MD1
2026-08-21 13:18:16,776 - WARNING - docx2pdf conversion failed, trying LibreOffice: Open.SaveAs
2026-08-21 13:18:33,125 - INFO - Removed image with alt text matching LEAD_PARTNER_MD2
2026-08-21 13:18:33,126 - INFO - Removed image with alt text matching LEAD_PARTNER_MD1
2026-08-21 13:20:12,587 - INFO - Previewed generated bid: E:\Apps\Bidding-App-main-Manus\Bidding-App-main\output\generated_bid_UTTAM_-_SHEAR_J_V_20260821_131833.docx
2026-08-21 13:20:36,877 - INFO - Saved reviewed bid to E:/Apps/Bidding-App-main-Manus/Bidding-App-main/output/sdaf.docx
2026-08-21 13:20:44,260 - INFO - Wrote 01 - JV Agreement.pdf (262 KB)
2026-08-21 13:20:44,267 - INFO - Wrote 02 - Power of Attorney.pdf (246 KB)
2026-08-21 13:20:44,273 - INFO - Wrote 03 - Letter of Technical Bid.pdf (241 KB)
2026-08-21 13:20:44,280 - INFO - Wrote 04 - Letter of Price Bid.pdf (241 KB)
2026-08-21 13:20:44,286 - INFO - Wrote 05 - Lead Partner - Power of Attorney.pdf (241 KB)
2026-08-21 13:20:44,293 - INFO - Wrote 06 - Lead Partner - Self Declaration Certificate.pdf (243 KB)
2026-08-21 13:20:44,300 - INFO - Wrote 07 - Lead Partner - Running Contract Self Declaration.pdf (233 KB)
2026-08-21 13:20:44,307 - INFO - Wrote 08 - Lead Partner - Pending Litigation.pdf (219 KB)
2026-08-21 13:20:44,314 - INFO - Wrote 09 - First Partner - Power of Attorney.pdf (217 KB)
2026-08-21 13:20:44,322 - INFO - Wrote 10 - First Partner - Self Declaration Certificate.pdf (281 KB)
2026-08-21 13:20:44,328 - INFO - Wrote 11 - First Partner - Running Contract Self Declaration.pdf (243 KB)
2026-08-21 13:20:44,336 - INFO - Wrote 12 - First Partner - Pending Litigation.pdf (222 KB)
2026-08-21 13:20:44,343 - INFO - Wrote 13 - Extra Page 13.pdf (219 KB)
2026-08-21 13:20:44,351 - INFO - Wrote 14 - Extra Page 14.pdf (283 KB)
2026-08-21 13:20:44,357 - INFO - Wrote 15 - Extra Page 15.pdf (193 KB)
2026-08-21 13:20:44,364 - INFO - Wrote 16 - Extra Page 16.pdf (194 KB)
2026-08-21 13:20:44,370 - INFO - Wrote 17 - Extra Page 17.pdf (147 KB)
2026-08-21 13:20:48,378 - INFO - Split bid into 17 section PDFs in E:/Apps/Bidding-App-main-Manus/Bidding-App-main/output
2026-08-21 13:26:31,188 - INFO - Removed image with alt text matching LEAD_PARTNER_MD2
2026-08-21 13:26:31,189 - INFO - Removed image with alt text matching LEAD_PARTNER_MD1
2026-08-21 13:26:50,072 - INFO - Previewed generated bid: E:\Apps\Bidding-App-main-Manus\Bidding-App-main\output\generated_bid_UTTAM_-_SHEAR_J_V_20260821_132631.docx
2026-08-21 13:26:57,814 - INFO - Wrote 01 - JV Agreement.pdf (262 KB)
2026-08-21 13:26:57,824 - INFO - Wrote 02 - Power of Attorney.pdf (246 KB)
2026-08-21 13:26:57,834 - INFO - Wrote 03 - Letter of Technical Bid.pdf (241 KB)
2026-08-21 13:26:57,842 - INFO - Wrote 04 - Letter of Price Bid.pdf (241 KB)
2026-08-21 13:26:57,849 - INFO - Wrote 05 - Lead Partner - Power of Attorney.pdf (241 KB)
2026-08-21 13:26:57,858 - INFO - Wrote 06 - Lead Partner - Self Declaration Certificate.pdf (243 KB)
2026-08-21 13:26:57,867 - INFO - Wrote 07 - Lead Partner - Running Contract Self Declaration.pdf (233 KB)
2026-08-21 13:26:57,877 - INFO - Wrote 08 - Lead Partner - Pending Litigation.pdf (219 KB)
2026-08-21 13:26:57,886 - INFO - Wrote 09 - First Partner - Power of Attorney.pdf (217 KB)
2026-08-21 13:26:57,896 - INFO - Wrote 10 - First Partner - Self Declaration Certificate.pdf (281 KB)
2026-08-21 13:26:57,905 - INFO - Wrote 11 - First Partner - Running Contract Self Declaration.pdf (243 KB)
2026-08-21 13:26:57,914 - INFO - Wrote 12 - First Partner - Pending Litigation.pdf (222 KB)
2026-08-21 13:26:57,921 - INFO - Wrote 13 - Extra Page 13.pdf (219 KB)
2026-08-21 13:26:57,930 - INFO - Wrote 14 - Extra Page 14.pdf (283 KB)
2026-08-21 13:26:57,938 - INFO - Wrote 15 - Extra Page 15.pdf (193 KB)
2026-08-21 13:26:57,946 - INFO - Wrote 16 - Extra Page 16.pdf (194 KB)
2026-08-21 13:26:57,954 - INFO - Wrote 17 - Extra Page 17.pdf (147 KB)
2026-08-21 13:26:59,291 - INFO - Split bid into 17 section PDFs in E:/Apps/Bidding-App-main-Manus/Bidding-App-main/output
2026-08-21 13:28:04,564 - INFO - Saved new draft 'army' (04e367a8-865)
2026-08-21 13:29:05,282 - INFO - Authorised Person signature synced from LEAD_CEO_SIG
2026-08-21 13:29:05,296 - INFO - Loaded draft 'army' (04e367a8-865)
2026-08-21 13:29:17,821 - INFO - Uploaded image for FIRST_STAMP: K:/Other computers/My Computer/Shear Engineering And Builders Pvt.Ltd/Signatures/shear chap b&w.PNG
2026-08-21 13:29:20,769 - INFO - Updated profile dfd218e9-8da (first)
2026-08-21 13:29:33,698 - INFO - Removed image with alt text matching LEAD_PARTNER_MD2
2026-08-21 13:29:33,699 - INFO - Removed image with alt text matching LEAD_PARTNER_MD1
2026-08-21 13:30:21,233 - INFO - Previewed generated bid: E:\Apps\Bidding-App-main-Manus\Bidding-App-main\output\generated_bid_UTTAM_-_SHEAR_J_V_20260821_132934.docx
2026-08-21 13:30:42,827 - INFO - Wrote 01 - JV Agreement.pdf (243 KB)
2026-08-21 13:30:42,845 - INFO - Wrote 02 - Power of Attorney.pdf (227 KB)
2026-08-21 13:30:42,856 - INFO - Wrote 03 - Letter of Technical Bid Page 1 of 2.pdf (221 KB)
2026-08-21 13:30:42,870 - INFO - Wrote 04 - Letter of Technical Bid Page 2 of 2.pdf (221 KB)
2026-08-21 13:30:42,884 - INFO - Wrote 05 - Letter of Price Bid Page 1 of 2.pdf (221 KB)
2026-08-21 13:30:42,900 - INFO - Wrote 06 - Letter of Price Bid Page 2 of 2.pdf (223 KB)
2026-08-21 13:30:42,916 - INFO - Wrote 07 - Lead Partner - Power of Attorney.pdf (233 KB)
2026-08-21 13:30:42,932 - INFO - Wrote 08 - Lead Partner - Self Declaration Certificate.pdf (219 KB)
2026-08-21 13:30:42,946 - INFO - Wrote 09 - Lead Partner - Running Contract Self Declaration.pdf (217 KB)
2026-08-21 13:30:42,962 - INFO - Wrote 10 - Lead Partner - Pending Litigation.pdf (281 KB)
2026-08-21 13:30:42,977 - INFO - Wrote 11 - First Partner - Power of Attorney.pdf (223 KB)
2026-08-21 13:30:42,989 - INFO - Wrote 12 - First Partner - Self Declaration Certificate.pdf (202 KB)
2026-08-21 13:30:43,003 - INFO - Wrote 13 - First Partner - Running Contract Self Declaration.pdf (200 KB)
2026-08-21 13:30:43,019 - INFO - Wrote 14 - First Partner - Pending Litigation.pdf (264 KB)
2026-08-21 13:30:43,030 - INFO - Wrote 15 - Extra Page 15.pdf (193 KB)
2026-08-21 13:30:43,042 - INFO - Wrote 16 - Extra Page 16.pdf (194 KB)
2026-08-21 13:30:43,054 - INFO - Wrote 17 - Extra Page 17.pdf (147 KB)
2026-08-21 13:30:49,497 - INFO - Split bid into 17 section PDFs in E:/Apps/Bidding-App-main-Manus/Bidding-App-main/output
2026-08-21 15:48:55,234 - INFO - Authorised Person signature synced from LEAD_CEO_SIG
2026-08-21 15:48:55,247 - INFO - Loaded draft 'army' (04e367a8-865)
2026-08-21 15:49:09,877 - INFO - Removed image with alt text matching LEAD_PARTNER_MD2
2026-08-21 15:49:09,878 - INFO - Removed image with alt text matching LEAD_PARTNER_MD1
2026-08-21 15:50:10,437 - INFO - Previewed generated bid: E:\Apps\Bidding-App-main-Manus\Bidding-App-main\output\generated_bid_UTTAM_-_SHEAR_J_V_20260821_154910.docx
2026-08-21 15:50:17,043 - INFO - Wrote 01 - JV Agreement.pdf (262 KB)
2026-08-21 15:50:17,054 - INFO - Wrote 02 - Power of Attorney.pdf (246 KB)
2026-08-21 15:50:17,872 - INFO - Wrote 03 - Letter of Technical Bid.pdf (244 KB)
2026-08-21 15:50:17,880 - INFO - Wrote 04 - Letter of Price Bid.pdf (246 KB)
2026-08-21 15:50:17,887 - INFO - Wrote 05 - Lead Partner - Power of Attorney.pdf (233 KB)
2026-08-21 15:50:17,895 - INFO - Wrote 06 - Lead Partner - Self Declaration Certificate.pdf (219 KB)
2026-08-21 15:50:17,901 - INFO - Wrote 07 - Lead Partner - Running Contract Self Declaration.pdf (217 KB)
2026-08-21 15:50:17,910 - INFO - Wrote 08 - Lead Partner - Pending Litigation.pdf (281 KB)
2026-08-21 15:50:17,916 - INFO - Wrote 09 - First Partner - Power of Attorney.pdf (243 KB)
2026-08-21 15:50:17,923 - INFO - Wrote 10 - First Partner - Self Declaration Certificate.pdf (222 KB)
2026-08-21 15:50:17,931 - INFO - Wrote 11 - First Partner - Running Contract Self Declaration.pdf (219 KB)
2026-08-21 15:50:17,939 - INFO - Wrote 12 - First Partner - Pending Litigation.pdf (283 KB)
2026-08-21 15:50:17,947 - INFO - Wrote 13 - Extra Page 15.pdf (193 KB)
2026-08-21 15:50:17,954 - INFO - Wrote 14 - Extra Page 16.pdf (194 KB)
2026-08-21 15:50:17,959 - INFO - Wrote 15 - Extra Page 17.pdf (147 KB)
2026-08-21 15:50:19,429 - INFO - Split bid into 15 section PDFs in E:/Apps/Bidding-App-main-Manus/Bidding-App-main/output
2026-08-21 15:51:07,891 - INFO - Removed image with alt text matching LEAD_PARTNER_MD2
2026-08-21 15:51:07,892 - INFO - Removed image with alt text matching LEAD_PARTNER_MD1
2026-08-21 15:51:44,454 - INFO - Previewed generated bid: E:\Apps\Bidding-App-main-Manus\Bidding-App-main\output\generated_bid_UTTAM_-_SHEAR_J_V_20260821_155108.docx
2026-08-21 15:51:48,863 - INFO - Wrote 01 - JV Agreement.pdf (262 KB)
2026-08-21 15:51:48,874 - INFO - Wrote 02 - Power of Attorney.pdf (246 KB)
2026-08-21 15:51:48,885 - INFO - Wrote 03 - Letter of Technical Bid.pdf (244 KB)
2026-08-21 15:51:48,898 - INFO - Wrote 04 - Letter of Price Bid.pdf (246 KB)
2026-08-21 15:51:48,909 - INFO - Wrote 05 - Lead Partner - Power of Attorney.pdf (233 KB)
2026-08-21 15:51:48,919 - INFO - Wrote 06 - Lead Partner - Self Declaration Certificate.pdf (219 KB)
2026-08-21 15:51:48,931 - INFO - Wrote 07 - Lead Partner - Running Contract Self Declaration.pdf (217 KB)
2026-08-21 15:51:48,942 - INFO - Wrote 08 - Lead Partner - Pending Litigation.pdf (281 KB)
2026-08-21 15:51:48,953 - INFO - Wrote 09 - First Partner - Power of Attorney.pdf (243 KB)
2026-08-21 15:51:48,963 - INFO - Wrote 10 - First Partner - Self Declaration Certificate.pdf (222 KB)
2026-08-21 15:51:48,978 - INFO - Wrote 11 - First Partner - Running Contract Self Declaration.pdf (219 KB)
2026-08-21 15:51:48,990 - INFO - Wrote 12 - First Partner - Pending Litigation.pdf (283 KB)
2026-08-21 15:51:49,000 - INFO - Wrote 13 - Extra Page 15.pdf (193 KB)
2026-08-21 15:51:49,011 - INFO - Wrote 14 - Extra Page 16.pdf (194 KB)
2026-08-21 15:51:49,021 - INFO - Wrote 15 - Extra Page 17.pdf (147 KB)
2026-08-21 15:51:58,023 - INFO - Split bid into 15 section PDFs in E:/Apps/Bidding-App-main-Manus/Bidding-App-main/output
2026-08-21 16:57:32,290 - INFO - Removed image with alt text matching LEAD_PARTNER_MD2
2026-08-21 16:57:32,291 - INFO - Removed image with alt text matching LEAD_PARTNER_MD1
2026-08-21 16:59:40,068 - INFO - Previewed generated bid: E:\Apps\Bidding-App-main-Manus\Bidding-App-main\output\generated_bid_UTTAM_-_SHEAR_J_V_20260821_165732.docx
2026-08-21 17:00:22,485 - INFO - Removed image with alt text matching LEAD_PARTNER_MD2
2026-08-21 17:00:22,485 - INFO - Removed image with alt text matching LEAD_PARTNER_MD1
2026-08-21 17:00:35,065 - INFO - Previewed generated bid: E:\Apps\Bidding-App-main-Manus\Bidding-App-main\output\generated_bid_UTTAM_-_SHEAR_J_V_20260821_170022.docx
2026-08-21 17:00:39,795 - ERROR - Expected 14 pages for a 2-partner bid but the generated PDF has 17. Refusing to split because fixed page offsets could produce mislabeled sections.
2026-08-21 17:00:56,217 - ERROR - Expected 14 pages for a 2-partner bid but the generated PDF has 17. Refusing to split because fixed page offsets could produce mislabeled sections.
2026-08-21 17:01:28,570 - ERROR - Expected 14 pages for a 2-partner bid but the generated PDF has 17. Refusing to split because fixed page offsets could produce mislabeled sections.
2026-08-21 17:05:18,673 - INFO - Removed image with alt text matching LEAD_PARTNER_MD2
2026-08-21 17:05:18,674 - INFO - Removed image with alt text matching LEAD_PARTNER_MD1
2026-08-21 17:05:27,302 - INFO - Removed image with alt text matching LEAD_PARTNER_MD2
2026-08-21 17:05:27,302 - INFO - Removed image with alt text matching LEAD_PARTNER_MD1
2026-08-21 17:06:18,777 - INFO - Previewed generated bid: E:\Apps\Bidding-App-main-Manus\Bidding-App-main\output\generated_bid_UTTAM_-_SHEAR_J_V_20260821_170527.docx
2026-08-22 12:45:23,098 - INFO - Removed image with alt text matching LEAD_PARTNER_MD2
2026-08-22 12:45:23,106 - INFO - Removed image with alt text matching LEAD_PARTNER_MD1
2026-08-22 12:45:40,490 - INFO - Removed image with alt text matching LEAD_PARTNER_MD2
2026-08-22 12:45:40,492 - INFO - Removed image with alt text matching LEAD_PARTNER_MD1
2026-08-22 13:08:09,987 - INFO - Removed image with alt text matching LEAD_PARTNER_MD2
2026-08-22 13:08:09,992 - INFO - Removed image with alt text matching LEAD_PARTNER_MD1
2026-08-22 14:05:39,453 - INFO - Removed image with alt text matching LEAD_PARTNER_MD2
2026-08-22 14:05:39,456 - INFO - Removed image with alt text matching LEAD_PARTNER_MD1
2026-08-22 14:06:38,753 - WARNING - Expected 14 pages for a 2-partner bid but the generated PDF has 17. Splitting will continue in best-effort mode; please review the output.
2026-08-22 14:06:38,815 - INFO - Wrote 01 - JV Agreement.pdf (262 KB)
2026-08-22 14:06:38,823 - INFO - Wrote 02 - Power of Attorney.pdf (246 KB)
2026-08-22 14:06:38,828 - INFO - Wrote 03 - Letter of Technical Bid.pdf (244 KB)
2026-08-22 14:06:38,836 - INFO - Wrote 04 - Letter of Price Bid.pdf (246 KB)
2026-08-22 14:06:38,843 - INFO - Wrote 05 - Lead Partner - Power of Attorney.pdf (233 KB)
2026-08-22 14:06:38,850 - INFO - Wrote 06 - Lead Partner - Self Declaration Certificate.pdf (219 KB)
2026-08-22 14:06:38,856 - INFO - Wrote 07 - Lead Partner - Running Contract Self Declaration.pdf (217 KB)
2026-08-22 14:06:38,866 - INFO - Wrote 08 - Lead Partner - Pending Litigation.pdf (281 KB)
2026-08-22 14:06:38,874 - INFO - Wrote 09 - First Partner - Power of Attorney.pdf (243 KB)
2026-08-22 14:06:38,882 - INFO - Wrote 10 - First Partner - Self Declaration Certificate.pdf (222 KB)
2026-08-22 14:06:38,888 - INFO - Wrote 11 - First Partner - Running Contract Self Declaration.pdf (219 KB)
2026-08-22 14:06:38,897 - INFO - Wrote 12 - First Partner - Pending Litigation.pdf (283 KB)
2026-08-22 14:06:38,905 - INFO - Wrote 13 - Extra Page 15.pdf (193 KB)
2026-08-22 14:06:38,911 - INFO - Wrote 14 - Extra Page 16.pdf (194 KB)
2026-08-22 14:06:38,918 - INFO - Wrote 15 - Extra Page 17.pdf (147 KB)
2026-08-22 14:06:41,054 - INFO - Split E:\Apps\Bidding-App-main-Manus\Bidding-App-main\output\generated_bid_UTTAM_-_SHEAR_J_V_20260822_124540.pdf into 15 section PDFs in E:/Apps/Bidding-App-main-Manus/Bidding-App-main/output
2026-08-23 17:57:40,971 - INFO - Saved new profile 'Sivora' (lead) with 0 images and 0 docs
2026-08-23 17:58:00,845 - INFO - Loaded profile 'Shear Engineering' (first -> lead), 4 images
2026-08-23 17:58:13,305 - INFO - Loaded profile 'Sivora' (lead -> first), 0 images
2026-08-23 17:58:19,670 - INFO - Loaded profile 'Uttam Buddha Nirman Sewa' (lead -> first), 2 images
2026-08-23 17:58:26,660 - INFO - Loaded profile 'Sivora' (lead -> first), 0 images
2026-08-23 18:00:38,593 - INFO - Saved new draft 'Belbari' (fe679557-562)
2026-08-23 18:00:55,829 - INFO - Uploaded image for FIRST_CEO_SIG: K:/Other computers/My Computer/Shear Engineering And Builders Pvt.Ltd/Signatures/Biswa.png
2026-08-23 18:00:55,877 - INFO - Authorised Person signature synced from FIRST_CEO_SIG
2026-08-23 18:01:03,574 - INFO - Uploaded image for FIRST_CEO_SIG: K:/Other computers/My Computer/Shear Engineering And Builders Pvt.Ltd/Signatures/Amit Sign.JPG
2026-08-23 18:01:03,577 - INFO - Authorised Person signature synced from FIRST_CEO_SIG
2026-08-23 18:01:06,188 - INFO - Updated profile e41a9869-a6f (first)
2026-08-23 18:01:24,392 - INFO - Authorised Person signature synced from LEAD_CEO_SIG
2026-08-23 18:01:43,173 - INFO - Authorised Person signature synced from FIRST_CEO_SIG
2026-08-23 18:01:56,144 - INFO - Removed image with alt text matching FIRST_PARTNER_MD2
2026-08-23 18:01:56,144 - INFO - Removed image with alt text matching FIRST_PARTNER_MD1
2026-08-23 19:27:06,037 - INFO - Removed image with alt text matching FIRST_PARTNER_MD2
2026-08-23 19:27:06,037 - INFO - Removed image with alt text matching FIRST_PARTNER_MD1
2026-08-23 19:27:58,630 - WARNING - docx2pdf conversion failed, trying LibreOffice: Word.Application.Quit
2026-08-23 19:30:03,633 - INFO - Authorised Person signature synced from LEAD_CEO_SIG
2026-08-23 19:30:11,557 - INFO - Removed image with alt text matching FIRST_PARTNER_MD2
2026-08-23 19:30:11,558 - INFO - Removed image with alt text matching FIRST_PARTNER_MD1
2026-08-23 19:31:47,918 - WARNING - Expected 14 pages for a 2-partner bid but the generated PDF has 18. Splitting will continue in best-effort mode; please review the output.
2026-08-23 19:31:47,933 - INFO - Wrote 01 - JV Agreement.pdf (233 KB)
2026-08-23 19:31:47,938 - INFO - Wrote 02 - Power of Attorney.pdf (217 KB)
2026-08-23 19:31:47,944 - INFO - Wrote 03 - Letter of Technical Bid.pdf (215 KB)
2026-08-23 19:31:47,949 - INFO - Wrote 04 - Letter of Price Bid.pdf (217 KB)
2026-08-23 19:31:47,955 - INFO - Wrote 05 - Lead Partner - Power of Attorney.pdf (222 KB)
2026-08-23 19:31:47,962 - INFO - Wrote 06 - Lead Partner - Self Declaration Certificate.pdf (200 KB)
2026-08-23 19:31:47,967 - INFO - Wrote 07 - Lead Partner - Running Contract Self Declaration.pdf (144 KB)
2026-08-23 19:31:47,973 - INFO - Wrote 08 - Lead Partner - Pending Litigation.pdf (198 KB)
2026-08-23 19:31:47,993 - INFO - Wrote 09 - First Partner - Power of Attorney.pdf (262 KB)
2026-08-23 19:31:48,004 - INFO - Wrote 10 - First Partner - Self Declaration Certificate.pdf (223 KB)
2026-08-23 19:31:48,011 - INFO - Wrote 11 - First Partner - Running Contract Self Declaration.pdf (209 KB)
2026-08-23 19:31:48,016 - INFO - Wrote 12 - First Partner - Pending Litigation.pdf (207 KB)
2026-08-23 19:31:48,023 - INFO - Wrote 13 - Extra Page 15.pdf (271 KB)
2026-08-23 19:31:48,029 - INFO - Wrote 14 - Extra Page 16.pdf (191 KB)
2026-08-23 19:31:48,035 - INFO - Wrote 15 - Extra Page 17.pdf (192 KB)
2026-08-23 19:31:48,039 - INFO - Wrote 16 - Extra Page 18.pdf (144 KB)
2026-08-23 19:31:49,776 - INFO - Split E:\Apps\Bidding-App-main-Manus\Bidding-App-main\output\generated_bid_SHEAR_-_SX_J_V_20260823_192706.pdf into 16 section PDFs in E:/Apps/Bidding-App-main-Manus/Bidding-App-main/output
2026-08-24 14:36:33,690 - INFO - Loaded profile 'Shear Engineering' (first -> lead), 4 images
2026-08-24 14:37:41,405 - INFO - Authorised Person signature synced from LEAD_CEO_SIG
2026-08-24 14:39:13,991 - WARNING - Expected 10 pages for a 1-partner bid but the generated PDF has 9. Splitting will continue in best-effort mode; please review the output.
2026-08-24 14:39:14,011 - INFO - Wrote 01 - JV Agreement.pdf (176 KB)
2026-08-24 14:39:14,021 - INFO - Wrote 02 - Power of Attorney.pdf (175 KB)
2026-08-24 14:39:14,033 - INFO - Wrote 03 - Letter of Technical Bid.pdf (181 KB)
2026-08-24 14:39:14,045 - INFO - Wrote 04 - Letter of Price Bid.pdf (205 KB)
2026-08-24 14:39:14,056 - INFO - Wrote 05 - Lead Partner - Power of Attorney.pdf (128 KB)
2026-08-24 14:39:14,069 - INFO - Wrote 06 - Lead Partner - Self Declaration Certificate.pdf (177 KB)
2026-08-24 14:39:14,083 - INFO - Wrote 07 - Lead Partner - Running Contract Self Declaration.pdf (241 KB)
2026-08-24 14:39:18,105 - INFO - Split E:\Apps\Bidding-App-main-Manus\Bidding-App-main\output\generated_bid_SHEAR_20260824_143759.pdf into 7 section PDFs in E:/Apps/Bidding-App-main-Manus/Bidding-App-main/output
2026-08-24 14:40:04,697 - WARNING - Expected 10 pages for a 1-partner bid but the generated PDF has 9. Splitting will continue in best-effort mode; please review the output.
2026-08-24 14:40:04,731 - INFO - Wrote 01 - JV Agreement.pdf (176 KB)
2026-08-24 14:40:04,744 - INFO - Wrote 02 - Power of Attorney.pdf (175 KB)
2026-08-24 14:40:04,764 - INFO - Wrote 03 - Letter of Technical Bid.pdf (181 KB)
2026-08-24 14:40:04,780 - INFO - Wrote 04 - Letter of Price Bid.pdf (205 KB)
2026-08-24 14:40:04,789 - INFO - Wrote 05 - Lead Partner - Power of Attorney.pdf (128 KB)
2026-08-24 14:40:04,802 - INFO - Wrote 06 - Lead Partner - Self Declaration Certificate.pdf (177 KB)
2026-08-24 14:40:04,819 - INFO - Wrote 07 - Lead Partner - Running Contract Self Declaration.pdf (241 KB)
2026-08-24 14:40:06,276 - INFO - Split E:\Apps\Bidding-App-main-Manus\Bidding-App-main\output\generated_bid_SHEAR_20260824_143759.pdf into 7 section PDFs in E:/Apps/Bidding-App-main-Manus/Bidding-App-main/output
2026-08-24 15:01:03,742 - INFO - Loaded profile 'Shear Engineering' (first -> lead), 4 images
2026-08-24 15:02:28,855 - INFO - Loaded profile 'Uttam Buddha Nirman Sewa' (lead -> first), 2 images
2026-08-24 15:39:36,688 - INFO - Loaded profile 'Shear Engineering' (first -> lead), 4 images
2026-08-24 15:40:05,992 - INFO - Authorised Person signature synced from LEAD_CEO_SIG
2026-08-24 16:09:31,376 - INFO - Loaded profile 'Shear Engineering' (first -> lead), 4 images
2026-08-24 18:59:34,334 - INFO - Loaded profile 'Shear Engineering' (first -> lead), 4 images
2026-08-24 18:59:46,948 - INFO - Authorised Person signature synced from LEAD_CEO_SIG
2026-08-24 19:04:26,497 - WARNING - Expected 10 pages for a 1-partner bid but the generated PDF has 9. Splitting will continue in best-effort mode; please review the output.
2026-08-24 19:04:26,521 - INFO - Wrote 01 - JV Agreement.pdf (174 KB)
2026-08-24 19:04:26,534 - INFO - Wrote 02 - Power of Attorney.pdf (174 KB)
2026-08-24 19:04:26,547 - INFO - Wrote 03 - Letter of Technical Bid.pdf (179 KB)
2026-08-24 19:04:26,562 - INFO - Wrote 04 - Letter of Price Bid.pdf (203 KB)
2026-08-24 19:04:26,573 - INFO - Wrote 05 - Lead Partner - Power of Attorney.pdf (127 KB)
2026-08-24 19:04:26,584 - INFO - Wrote 06 - Lead Partner - Self Declaration Certificate.pdf (175 KB)
2026-08-24 19:04:26,604 - INFO - Wrote 07 - Lead Partner - Running Contract Self Declaration.pdf (239 KB)
2026-08-24 19:04:28,050 - INFO - Split E:\Apps\Bidding-App-main-Manus\Bidding-App-main\output\generated_bid_Shear_Engineering_and_Builders_Pvt__Ltd_20260824_185950.pdf into 7 section PDFs in E:/Apps/Bidding-App-main-Manus/Bidding-App-main/output
2026-08-24 19:09:23,523 - WARNING - Expected 10 pages for a 1-partner bid but the generated PDF has 9. Splitting will continue in best-effort mode; please review the output.
2026-08-24 19:09:23,534 - INFO - Wrote 01 - JV Agreement.pdf (174 KB)
2026-08-24 19:09:23,546 - INFO - Wrote 02 - Power of Attorney.pdf (174 KB)
2026-08-24 19:09:23,559 - INFO - Wrote 03 - Letter of Technical Bid.pdf (179 KB)
2026-08-24 19:09:23,574 - INFO - Wrote 04 - Letter of Price Bid.pdf (203 KB)
2026-08-24 19:09:23,584 - INFO - Wrote 05 - Lead Partner - Power of Attorney.pdf (127 KB)
2026-08-24 19:09:23,597 - INFO - Wrote 06 - Lead Partner - Self Declaration Certificate.pdf (175 KB)
2026-08-24 19:09:23,611 - INFO - Wrote 07 - Lead Partner - Running Contract Self Declaration.pdf (239 KB)
2026-08-24 19:09:25,667 - INFO - Split E:\Apps\Bidding-App-main-Manus\Bidding-App-main\output\generated_bid_Shear_Engineering_and_Builders_Pvt__Ltd_20260824_185950.pdf into 7 section PDFs in E:/Apps/Bidding-App-main-Manus/Bidding-App-main/output
2026-08-24 19:10:40,203 - INFO - Loaded profile 'Shear Engineering' (first -> lead), 4 images
2026-08-24 19:10:51,730 - INFO - Authorised Person signature synced from LEAD_CEO_SIG
2026-08-24 19:14:12,728 - WARNING - Expected 8 pages for a 1-partner bid but the generated PDF has 9. Splitting will continue in best-effort mode; please review the output.
2026-08-24 19:14:12,735 - INFO - Wrote 01 - Letter of Technical Bid.pdf (177 KB)
2026-08-24 19:14:12,743 - INFO - Wrote 02 - Letter of Price Bid.pdf (179 KB)
2026-08-24 19:14:12,751 - INFO - Wrote 03 - Lead Partner - Power of Attorney.pdf (199 KB)
2026-08-24 19:14:12,759 - INFO - Wrote 04 - Lead Partner - Self Declaration Certificate.pdf (177 KB)
2026-08-24 19:14:12,766 - INFO - Wrote 05 - Lead Partner - Running Contract Self Declaration.pdf (127 KB)
2026-08-24 19:14:12,775 - INFO - Wrote 06 - Lead Partner - Pending Litigation.pdf (175 KB)
2026-08-24 19:14:12,784 - INFO - Wrote 07 - Extra Page 9.pdf (239 KB)
2026-08-24 19:14:22,989 - INFO - Split E:\Apps\Bidding-App-main-Manus\Bidding-App-main\output\generated_bid_Shear_Engineering_and_Builders_Pvt__Ltd_20260824_191056.pdf into 7 section PDFs in E:/Apps/Bidding-App-main-Manus/Bidding-App-main/output
